src/app/campaigns/[id]/page.tsx(133,59): error TS2339: Property 'submittedUrl' does not exist on type '{ error: string | null; id: string; status: string; createdAt: Date; updatedAt: Date; campaignId: string; url: string; }'.
src/app/campaigns/[id]/page.tsx(134,71): error TS2339: Property 'submittedUrl' does not exist on type '{ error: string | null; id: string; status: string; createdAt: Date; updatedAt: Date; campaignId: string; url: string; }'.
src/app/campaigns/[id]/page.tsx(143,47): error TS2339: Property 'screenshotPath' does not exist on type '{ error: string | null; id: string; status: string; createdAt: Date; updatedAt: Date; campaignId: string; url: string; }'.
src/app/campaigns/[id]/page.tsx(145,67): error TS2339: Property 'screenshotPath' does not exist on type '{ error: string | null; id: string; status: string; createdAt: Date; updatedAt: Date; campaignId: string; url: string; }'.
src/lib/worker.ts(219,54): error TS7006: Parameter 'f' implicitly has an 'any' type.
src/lib/worker.ts(435,29): error TS2353: Object literal may only specify known properties, and 'submittedUrl' does not exist in type '(Without<LinkUpdateInput, LinkUncheckedUpdateInput> & LinkUncheckedUpdateInput) | (Without<...> & LinkUpdateInput)'.
src/lib/worker.ts(446,116): error TS2353: Object literal may only specify known properties, and 'submittedUrl' does not exist in type '(Without<LinkUpdateInput, LinkUncheckedUpdateInput> & LinkUncheckedUpdateInput) | (Without<...> & LinkUpdateInput)'.
